app/(public)/care/page.tsx(9,23): error TS2339: Property 'input' does not exist on type 'UseChatHelpers<UIMessage<unknown, UIDataTypes, UITools>>'.
app/(public)/care/page.tsx(9,30): error TS2339: Property 'handleInputChange' does not exist on type 'UseChatHelpers<UIMessage<unknown, UIDataTypes, UITools>>'.
app/(public)/care/page.tsx(9,49): error TS2339: Property 'handleSubmit' does not exist on type 'UseChatHelpers<UIMessage<unknown, UIDataTypes, UITools>>'.
app/(public)/care/page.tsx(9,63): error TS2339: Property 'isLoading' does not exist on type 'UseChatHelpers<UIMessage<unknown, UIDataTypes, UITools>>'.
app/(public)/care/page.tsx(10,9): error TS2353: Object literal may only specify known properties, and 'api' does not exist in type 'UseChatOptions<UIMessage<unknown, UIDataTypes, UITools>>'.
app/(public)/care/page.tsx(94,36): error TS2339: Property 'content' does not exist on type 'UIMessage<unknown, UIDataTypes, UITools>'.
lib/supabase/client.ts(1,37): error TS2307: Cannot find module '@supabase/ssr' or its corresponding type declarations.
lib/supabase/server.ts(1,56): error TS2307: Cannot find module '@supabase/ssr' or its corresponding type declarations.
middleware.ts(1,56): error TS2307: Cannot find module '@supabase/ssr' or its corresponding type declarations.
services/ai/orchestrator/index.ts(1,41): error TS2724: '"ai"' has no exported member named 'Message'. Did you mean 'UIMessage'?
